<<<<<<< HEAD
211790
=======
212545
>>>>>>> hooks-architecture
