<<<<<<< HEAD
208648
=======
209403
>>>>>>> hooks-architecture
