<<<<<<< HEAD
766861
=======
680935
>>>>>>> single-locker
