<<<<<<< HEAD
922518
=======
861168
>>>>>>> single-locker
