<<<<<<< HEAD
1802708
=======
212855
>>>>>>> single-locker
