<<<<<<< HEAD
1204937
=======
1157713
>>>>>>> single-locker
