<<<<<<< HEAD
763113
=======
680448
>>>>>>> single-locker
