<<<<<<< HEAD
104234
=======
105366
>>>>>>> hooks-architecture
