<<<<<<< HEAD
114440
=======
114946
>>>>>>> hook-deltas-liquidity
