<<<<<<< HEAD
99080
=======
99341
>>>>>>> hooks-architecture
