<<<<<<< HEAD
208526
=======
181808
>>>>>>> hooks-architecture
