<<<<<<< HEAD
146814
=======
120561
>>>>>>> hooks-architecture
