<<<<<<< HEAD
136779
=======
137040
>>>>>>> hooks-architecture
