<<<<<<< HEAD
202860
=======
202736
>>>>>>> hooks-architecture
