<<<<<<< HEAD
257577
=======
257453
>>>>>>> hooks-architecture
