<<<<<<< HEAD
209926
=======
183280
>>>>>>> hooks-architecture
