<<<<<<< HEAD
116996
=======
116978
>>>>>>> hook-deltas-liquidity
