<<<<<<< HEAD
231508
=======
234014
>>>>>>> hooks-architecture
