<<<<<<< HEAD
164023
=======
164522
>>>>>>> hooks-architecture
