<<<<<<< HEAD
164299
=======
164809
>>>>>>> hooks-architecture
