<<<<<<< HEAD
170693
=======
170562
>>>>>>> hooks-architecture
