<<<<<<< HEAD
93396
=======
93332
>>>>>>> hook-deltas-liquidity
