<<<<<<< HEAD
<<<<<<< HEAD
304900
=======
304672
>>>>>>> main
=======
304672
>>>>>>> 0ecca7f65e1c41188cbca8fe251a2a0a96bb11dd
