<<<<<<< HEAD
164164
=======
164041
>>>>>>> hooks-architecture
