<<<<<<< HEAD
159242
=======
159171
>>>>>>> hooks-architecture
