<<<<<<< HEAD
96520
=======
96842
>>>>>>> hooks-architecture
