<<<<<<< HEAD
90974
=======
91224
>>>>>>> hooks-architecture
